[2026-05-27 19:20:14] Starting dotfiles sync...
[2026-05-27 19:20:14] Synced .zshrc
[2026-05-27 19:20:14] Synced .tmux.conf
[2026-05-27 19:20:15] Synced starship.toml
[2026-05-27 19:20:15] Synced vim_init.lua
[2026-05-27 19:20:15] Synced vim_mappings.lua
[2026-05-27 19:20:15] Synced .ghostty_config
[2026-05-27 19:20:15] Synced .aerospace.toml
[2026-05-27 19:20:15] Synced .config/aerospace
[2026-05-27 19:20:15] Synced .config/borders
[2026-05-27 19:20:15] Synced .config/sketchybar
[2026-05-27 19:20:15] Changes detected in dotfiles. Committing and pushing...
To https://github.com/Jatinbhardwaj-093/Dot_Files.git
   bdd79f1..74d0145  main -> main
[2026-05-27 19:20:17] Successfully pushed changes to GitHub.
[2026-05-27 19:20:17] Dotfiles sync completed.
[2026-05-27 19:20:28] Starting dotfiles sync...
[2026-05-27 19:20:28] Synced .zshrc
[2026-05-27 19:20:28] Synced .tmux.conf
[2026-05-27 19:20:28] Synced starship.toml
[2026-05-27 19:20:28] Synced vim_init.lua
[2026-05-27 19:20:28] Synced vim_mappings.lua
[2026-05-27 19:20:28] Synced .ghostty_config
[2026-05-27 19:20:28] Synced .aerospace.toml
[2026-05-27 19:20:28] Synced .config/aerospace
[2026-05-27 19:20:28] Synced .config/borders
[2026-05-27 19:20:28] Synced .config/sketchybar
[2026-05-27 19:20:28] Changes detected in dotfiles. Committing and pushing...
